// Jest Snapshot v1, https://goo.gl/fbAQLP

exports[`Home Component render Home correctly 1`] = `ShallowWrapper {}`;
