// Jest Snapshot v1, https://goo.gl/fbAQLP

exports[`ProductInfo Component render ProductInfo correctly 1`] = `ShallowWrapper {}`;
