// Jest Snapshot v1, https://goo.gl/fbAQLP

exports[`productInfo Component render productInfo correctly 1`] = `ShallowWrapper {}`;
