// Jest Snapshot v1, https://goo.gl/fbAQLP

exports[`productList Component render productList correctly 1`] = `ShallowWrapper {}`;
