// Jest Snapshot v1, https://goo.gl/fbAQLP

exports[`search Component render search correctly 1`] = `ShallowWrapper {}`;
