// Jest Snapshot v1, https://goo.gl/fbAQLP

exports[`Arrow svg Component render Arrow correctly 1`] = `ShallowWrapper {}`;
