// Jest Snapshot v1, https://goo.gl/fbAQLP

exports[`Search svg Component render Search correctly 1`] = `ShallowWrapper {}`;
