// Jest Snapshot v1, https://goo.gl/fbAQLP

exports[`Script Component render Script correctly 1`] = `ShallowWrapper {}`;
